Archive member included to satisfy reference by file (symbol)

c:/users/brian/eclipse/plugins/fr.ac6.mcu.externaltools.arm-none.win32_1.13.3.201707031232/tools/compiler/bin/../lib/gcc/arm-none-eabi/5.4.1/../../../../arm-none-eabi/lib/armv7e-m/fpu\libc.a(lib_a-errno.o)
                              src/syscalls.o (__errno)
c:/users/brian/eclipse/plugins/fr.ac6.mcu.externaltools.arm-none.win32_1.13.3.201707031232/tools/compiler/bin/../lib/gcc/arm-none-eabi/5.4.1/../../../../arm-none-eabi/lib/armv7e-m/fpu\libc.a(lib_a-exit.o)
                              c:/users/brian/eclipse/plugins/fr.ac6.mcu.externaltools.arm-none.win32_1.13.3.201707031232/tools/compiler/bin/../lib/gcc/arm-none-eabi/5.4.1/../../../../arm-none-eabi/lib/armv7e-m/fpu/crt0.o (exit)
c:/users/brian/eclipse/plugins/fr.ac6.mcu.externaltools.arm-none.win32_1.13.3.201707031232/tools/compiler/bin/../lib/gcc/arm-none-eabi/5.4.1/../../../../arm-none-eabi/lib/armv7e-m/fpu\libc.a(lib_a-impure.o)
                              c:/users/brian/eclipse/plugins/fr.ac6.mcu.externaltools.arm-none.win32_1.13.3.201707031232/tools/compiler/bin/../lib/gcc/arm-none-eabi/5.4.1/../../../../arm-none-eabi/lib/armv7e-m/fpu\libc.a(lib_a-exit.o) (_global_impure_ptr)
c:/users/brian/eclipse/plugins/fr.ac6.mcu.externaltools.arm-none.win32_1.13.3.201707031232/tools/compiler/bin/../lib/gcc/arm-none-eabi/5.4.1/../../../../arm-none-eabi/lib/armv7e-m/fpu\libc.a(lib_a-init.o)
                              c:/users/brian/eclipse/plugins/fr.ac6.mcu.externaltools.arm-none.win32_1.13.3.201707031232/tools/compiler/bin/../lib/gcc/arm-none-eabi/5.4.1/../../../../arm-none-eabi/lib/armv7e-m/fpu/crt0.o (__libc_init_array)
c:/users/brian/eclipse/plugins/fr.ac6.mcu.externaltools.arm-none.win32_1.13.3.201707031232/tools/compiler/bin/../lib/gcc/arm-none-eabi/5.4.1/../../../../arm-none-eabi/lib/armv7e-m/fpu\libc.a(lib_a-memset.o)
                              c:/users/brian/eclipse/plugins/fr.ac6.mcu.externaltools.arm-none.win32_1.13.3.201707031232/tools/compiler/bin/../lib/gcc/arm-none-eabi/5.4.1/../../../../arm-none-eabi/lib/armv7e-m/fpu/crt0.o (memset)
c:/users/brian/eclipse/plugins/fr.ac6.mcu.externaltools.arm-none.win32_1.13.3.201707031232/tools/compiler/bin/../lib/gcc/arm-none-eabi/5.4.1/../../../../arm-none-eabi/lib/armv7e-m/fpu\libc.a(lib_a-__call_atexit.o)
                              c:/users/brian/eclipse/plugins/fr.ac6.mcu.externaltools.arm-none.win32_1.13.3.201707031232/tools/compiler/bin/../lib/gcc/arm-none-eabi/5.4.1/../../../../arm-none-eabi/lib/armv7e-m/fpu\libc.a(lib_a-exit.o) (__call_exitprocs)
c:/users/brian/eclipse/plugins/fr.ac6.mcu.externaltools.arm-none.win32_1.13.3.201707031232/tools/compiler/bin/../lib/gcc/arm-none-eabi/5.4.1/../../../../arm-none-eabi/lib/armv7e-m/fpu\libc.a(lib_a-atexit.o)
                              c:/users/brian/eclipse/plugins/fr.ac6.mcu.externaltools.arm-none.win32_1.13.3.201707031232/tools/compiler/bin/../lib/gcc/arm-none-eabi/5.4.1/../../../../arm-none-eabi/lib/armv7e-m/fpu\libc.a(lib_a-__call_atexit.o) (atexit)
c:/users/brian/eclipse/plugins/fr.ac6.mcu.externaltools.arm-none.win32_1.13.3.201707031232/tools/compiler/bin/../lib/gcc/arm-none-eabi/5.4.1/../../../../arm-none-eabi/lib/armv7e-m/fpu\libc.a(lib_a-fini.o)
                              c:/users/brian/eclipse/plugins/fr.ac6.mcu.externaltools.arm-none.win32_1.13.3.201707031232/tools/compiler/bin/../lib/gcc/arm-none-eabi/5.4.1/../../../../arm-none-eabi/lib/armv7e-m/fpu\libc.a(lib_a-__call_atexit.o) (__libc_fini_array)
c:/users/brian/eclipse/plugins/fr.ac6.mcu.externaltools.arm-none.win32_1.13.3.201707031232/tools/compiler/bin/../lib/gcc/arm-none-eabi/5.4.1/../../../../arm-none-eabi/lib/armv7e-m/fpu\libc.a(lib_a-__atexit.o)
                              c:/users/brian/eclipse/plugins/fr.ac6.mcu.externaltools.arm-none.win32_1.13.3.201707031232/tools/compiler/bin/../lib/gcc/arm-none-eabi/5.4.1/../../../../arm-none-eabi/lib/armv7e-m/fpu\libc.a(lib_a-atexit.o) (__register_exitproc)

Allocating common symbols
Common symbol       size              file

rx2Buf              0x204             src/HardwareSerial.o
tx2Buf              0x204             src/HardwareSerial.o

Discarded input sections

 .text          0x00000000        0x0 c:/users/brian/eclipse/plugins/fr.ac6.mcu.externaltools.arm-none.win32_1.13.3.201707031232/tools/compiler/bin/../lib/gcc/arm-none-eabi/5.4.1/armv7e-m/fpu/crti.o
 .data          0x00000000        0x0 c:/users/brian/eclipse/plugins/fr.ac6.mcu.externaltools.arm-none.win32_1.13.3.201707031232/tools/compiler/bin/../lib/gcc/arm-none-eabi/5.4.1/armv7e-m/fpu/crti.o
 .bss           0x00000000        0x0 c:/users/brian/eclipse/plugins/fr.ac6.mcu.externaltools.arm-none.win32_1.13.3.201707031232/tools/compiler/bin/../lib/gcc/arm-none-eabi/5.4.1/armv7e-m/fpu/crti.o
 .data          0x00000000        0x4 c:/users/brian/eclipse/plugins/fr.ac6.mcu.externaltools.arm-none.win32_1.13.3.201707031232/tools/compiler/bin/../lib/gcc/arm-none-eabi/5.4.1/armv7e-m/fpu/crtbegin.o
[...]
Memory Configuration

Name             Origin             Length             Attributes
FLASH            0x08000000         0x00080000         xr
RAM              0x20000000         0x00020000         xrw
*default*        0x00000000         0xffffffff

Linker script and memory map

LOAD c:/users/brian/eclipse/plugins/fr.ac6.mcu.externaltools.arm-none.win32_1.13.3.201707031232/tools/compiler/bin/../lib/gcc/arm-none-eabi/5.4.1/armv7e-m/fpu/crti.o
LOAD c:/users/brian/eclipse/plugins/fr.ac6.mcu.externaltools.arm-none.win32_1.13.3.201707031232/tools/compiler/bin/../lib/gcc/arm-none-eabi/5.4.1/armv7e-m/fpu/crtbegin.o
LOAD c:/users/brian/eclipse/plugins/fr.ac6.mcu.externaltools.arm-none.win32_1.13.3.201707031232/tools/compiler/bin/../lib/gcc/arm-none-eabi/5.4.1/../../../../arm-none-eabi/lib/armv7e-m/fpu/crt0.o
LOAD StdPeriph_Driver/src/misc.o
LOAD StdPeriph_Driver/src/stm32f4xx_adc.o
LOAD StdPeriph_Driver/src/stm32f4xx_dbgmcu.o
LOAD StdPeriph_Driver/src/stm32f4xx_dcmi.o
LOAD StdPeriph_Driver/src/stm32f4xx_dfsdm.o
LOAD StdPeriph_Driver/src/stm32f4xx_dma.o
LOAD StdPeriph_Driver/src/stm32f4xx_dma2d.o
LOAD StdPeriph_Driver/src/stm32f4xx_flash.o
LOAD StdPeriph_Driver/src/stm32f4xx_flash_ramfunc.o
LOAD StdPeriph_Driver/src/stm32f4xx_gpio.o
LOAD StdPeriph_Driver/src/stm32f4xx_lptim.o
LOAD StdPeriph_Driver/src/stm32f4xx_ltdc.o
LOAD StdPeriph_Driver/src/stm32f4xx_pwr.o
LOAD StdPeriph_Driver/src/stm32f4xx_rcc.o
LOAD StdPeriph_Driver/src/stm32f4xx_rtc.o
LOAD StdPeriph_Driver/src/stm32f4xx_spi.o
LOAD StdPeriph_Driver/src/stm32f4xx_syscfg.o
LOAD StdPeriph_Driver/src/stm32f4xx_tim.o
LOAD StdPeriph_Driver/src/stm32f4xx_usart.o
LOAD src/HardwareSerial.o
LOAD src/RingBuffer.o
LOAD src/main.o
LOAD src/syscalls.o
LOAD src/system_stm32f4xx.o
LOAD startup/startup_stm32f411xe.o
LOAD c:/users/brian/eclipse/plugins/fr.ac6.mcu.externaltools.arm-none.win32_1.13.3.201707031232/tools/compiler/bin/../lib/gcc/arm-none-eabi/5.4.1/../../../../arm-none-eabi/lib/armv7e-m/fpu\libm.a
START GROUP
LOAD c:/users/brian/eclipse/plugins/fr.ac6.mcu.externaltools.arm-none.win32_1.13.3.201707031232/tools/compiler/bin/../lib/gcc/arm-none-eabi/5.4.1/armv7e-m/fpu\libgcc.a
LOAD c:/users/brian/eclipse/plugins/fr.ac6.mcu.externaltools.arm-none.win32_1.13.3.201707031232/tools/compiler/bin/../lib/gcc/arm-none-eabi/5.4.1/../../../../arm-none-eabi/lib/armv7e-m/fpu\libc.a
END GROUP
LOAD c:/users/brian/eclipse/plugins/fr.ac6.mcu.externaltools.arm-none.win32_1.13.3.201707031232/tools/compiler/bin/../lib/gcc/arm-none-eabi/5.4.1/armv7e-m/fpu/crtend.o
LOAD c:/users/brian/eclipse/plugins/fr.ac6.mcu.externaltools.arm-none.win32_1.13.3.201707031232/tools/compiler/bin/../lib/gcc/arm-none-eabi/5.4.1/armv7e-m/fpu/crtn.o
                0x20020000                _estack = 0x20020000
                0x00000200                _Min_Heap_Size = 0x200
                0x00000400                _Min_Stack_Size = 0x400

.isr_vector     0x08000000      0x198
                0x08000000                . = ALIGN (0x4)
 *(.isr_vector)
 .isr_vector    0x08000000      0x198 startup/startup_stm32f411xe.o
                0x08000000                g_pfnVectors
                0x08000198                . = ALIGN (0x4)

.text           0x08000198      0x620
                0x08000198                . = ALIGN (0x4)
 *(.text)
 .text          0x08000198       0x5c c:/users/brian/eclipse/plugins/fr.ac6.mcu.externaltools.arm-none.win32_1.13.3.201707031232/tools/compiler/bin/../lib/gcc/arm-none-eabi/5.4.1/armv7e-m/fpu/crtbegin.o
 *(.text*)
 .text.USART_SendData
                0x080001f4       0x24 StdPeriph_Driver/src/stm32f4xx_usart.o
                0x080001f4                USART_SendData
 .text.USART_ReceiveData
                0x08000218       0x20 StdPeriph_Driver/src/stm32f4xx_usart.o
                0x08000218                USART_ReceiveData
 .text.USART_ITConfig
                0x08000238       0x90 StdPeriph_Driver/src/stm32f4xx_usart.o
                0x08000238                USART_ITConfig
 .text.USART_GetITStatus
                0x080002c8       0xb8 StdPeriph_Driver/src/stm32f4xx_usart.o
                0x080002c8                USART_GetITStatus
 .text.USART2_IRQHandler
                0x08000380       0x74 src/HardwareSerial.o
                0x08000380                USART2_IRQHandler
 .text.RingBuffer_isEmpty
                0x080003f4       0x28 src/RingBuffer.o
                0x080003f4                RingBuffer_isEmpty
 .text.RingBuffer_isFull
                0x0800041c       0x44 src/RingBuffer.o
                0x0800041c                RingBuffer_isFull
 .text.RingBuffer_queue
                0x08000460       0x50 src/RingBuffer.o
                0x08000460                RingBuffer_queue
 .text.RingBuffer_dequeue
                0x080004b0       0x4c src/RingBuffer.o
                0x080004b0                RingBuffer_dequeue
 .text.main     0x080004fc        0x8 src/main.o
                0x080004fc                main
 .text.SystemInit
                0x08000504       0x6c src/system_stm32f4xx.o
                0x08000504                SystemInit
 .text.SetSysClock
                0x08000570       0xa0 src/system_stm32f4xx.o
 .text.Reset_Handler
                0x08000610       0x50 startup/startup_stm32f411xe.o
                0x08000610                Reset_Handler
 .text.Default_Handler
                0x08000660        0x2 startup/startup_stm32f411xe.o
                0x08000660                RTC_Alarm_IRQHandler
                0x08000660                EXTI2_IRQHandler
                0x08000660                DebugMon_Handler
                0x08000660                SPI4_IRQHandler
                0x08000660                TIM1_CC_IRQHandler
                0x08000660                DMA2_Stream5_IRQHandler
                0x08000660                HardFault_Handler
                0x08000660                DMA1_Stream5_IRQHandler
                0x08000660                SysTick_Handler
                0x08000660                PVD_IRQHandler
                0x08000660                SDIO_IRQHandler
                0x08000660                TAMP_STAMP_IRQHandler
                0x08000660                PendSV_Handler
                0x08000660                NMI_Handler
                0x08000660                EXTI3_IRQHandler
                0x08000660                TIM1_UP_TIM10_IRQHandler
                0x08000660                I2C3_ER_IRQHandler
                0x08000660                EXTI0_IRQHandler
                0x08000660                I2C2_EV_IRQHandler
                0x08000660                DMA1_Stream2_IRQHandler
                0x08000660                FPU_IRQHandler
                0x08000660                UsageFault_Handler
                0x08000660                DMA2_Stream2_IRQHandler
                0x08000660                SPI1_IRQHandler
                0x08000660                TIM1_BRK_TIM9_IRQHandler
                0x08000660                DMA2_Stream3_IRQHandler
                0x08000660                USART6_IRQHandler
                0x08000660                DMA2_Stream0_IRQHandler
                0x08000660                TIM4_IRQHandler
                0x08000660                I2C1_EV_IRQHandler
                0x08000660                DMA1_Stream6_IRQHandler
                0x08000660                DMA1_Stream1_IRQHandler
                0x08000660                TIM3_IRQHandler
                0x08000660                RCC_IRQHandler
                0x08000660                Default_Handler
                0x08000660                EXTI15_10_IRQHandler
                0x08000660                ADC_IRQHandler
                0x08000660                DMA1_Stream7_IRQHandler
                0x08000660                SPI5_IRQHandler
                0x08000660                TIM5_IRQHandler
                0x08000660                DMA2_Stream7_IRQHandler
                0x08000660                I2C3_EV_IRQHandler
                0x08000660                EXTI9_5_IRQHandler
                0x08000660                RTC_WKUP_IRQHandler
                0x08000660                SPI2_IRQHandler
                0x08000660                MemManage_Handler
                0x08000660                DMA1_Stream0_IRQHandler
                0x08000660                SVC_Handler
                0x08000660                EXTI4_IRQHandler
                0x08000660                WWDG_IRQHandler
                0x08000660                TIM2_IRQHandler
                0x08000660                OTG_FS_WKUP_IRQHandler
                0x08000660                TIM1_TRG_COM_TIM11_IRQHandler
                0x08000660                EXTI1_IRQHandler
                0x08000660                I2C2_ER_IRQHandler
                0x08000660                DMA2_Stream1_IRQHandler
                0x08000660                FLASH_IRQHandler
                0x08000660                DMA2_Stream4_IRQHandler
                0x08000660                BusFault_Handler
                0x08000660                USART1_IRQHandler
                0x08000660                OTG_FS_IRQHandler
                0x08000660                SPI3_IRQHandler
                0x08000660                DMA1_Stream4_IRQHandler
                0x08000660                I2C1_ER_IRQHandler
                0x08000660                DMA2_Stream6_IRQHandler
                0x08000660                DMA1_Stream3_IRQHandler
 *fill*         0x08000662        0x2 
 .text.__libc_init_array
                0x08000664       0x50 c:/users/brian/eclipse/plugins/fr.ac6.mcu.externaltools.arm-none.win32_1.13.3.201707031232/tools/compiler/bin/../lib/gcc/arm-none-eabi/5.4.1/../../../../arm-none-eabi/lib/armv7e-m/fpu\libc.a(lib_a-init.o)
                0x08000664                __libc_init_array
 .text.startup.register_fini
                0x080006b4       0x14 c:/users/brian/eclipse/plugins/fr.ac6.mcu.externaltools.arm-none.win32_1.13.3.201707031232/tools/compiler/bin/../lib/gcc/arm-none-eabi/5.4.1/../../../../arm-none-eabi/lib/armv7e-m/fpu\libc.a(lib_a-__call_atexit.o)
 .text.atexit   0x080006c8        0xc c:/users/brian/eclipse/plugins/fr.ac6.mcu.externaltools.arm-none.win32_1.13.3.201707031232/tools/compiler/bin/../lib/gcc/arm-none-eabi/5.4.1/../../../../arm-none-eabi/lib/armv7e-m/fpu\libc.a(lib_a-atexit.o)
                0x080006c8                atexit
 .text.__libc_fini_array
                0x080006d4       0x28 c:/users/brian/eclipse/plugins/fr.ac6.mcu.externaltools.arm-none.win32_1.13.3.201707031232/tools/compiler/bin/../lib/gcc/arm-none-eabi/5.4.1/../../../../arm-none-eabi/lib/armv7e-m/fpu\libc.a(lib_a-fini.o)
                0x080006d4                __libc_fini_array
 .text.__register_exitproc
                0x080006fc       0xa4 c:/users/brian/eclipse/plugins/fr.ac6.mcu.externaltools.arm-none.win32_1.13.3.201707031232/tools/compiler/bin/../lib/gcc/arm-none-eabi/5.4.1/../../../../arm-none-eabi/lib/armv7e-m/fpu\libc.a(lib_a-__atexit.o)
                0x080006fc                __register_exitproc
 *(.glue_7)
 .glue_7        0x080007a0        0x0 linker stubs
 *(.glue_7t)
 .glue_7t       0x080007a0        0x0 linker stubs
 *(.eh_frame)
 .eh_frame      0x080007a0        0x0 c:/users/brian/eclipse/plugins/fr.ac6.mcu.externaltools.arm-none.win32_1.13.3.201707031232/tools/compiler/bin/../lib/gcc/arm-none-eabi/5.4.1/armv7e-m/fpu/crtbegin.o
 *(.init)
 .init          0x080007a0        0x4 c:/users/brian/eclipse/plugins/fr.ac6.mcu.externaltools.arm-none.win32_1.13.3.201707031232/tools/compiler/bin/../lib/gcc/arm-none-eabi/5.4.1/armv7e-m/fpu/crti.o
                0x080007a0                _init
 .init          0x080007a4        0x8 c:/users/brian/eclipse/plugins/fr.ac6.mcu.externaltools.arm-none.win32_1.13.3.201707031232/tools/compiler/bin/../lib/gcc/arm-none-eabi/5.4.1/armv7e-m/fpu/crtn.o
 *(.fini)
 .fini          0x080007ac        0x4 c:/users/brian/eclipse/plugins/fr.ac6.mcu.externaltools.arm-none.win32_1.13.3.201707031232/tools/compiler/bin/../lib/gcc/arm-none-eabi/5.4.1/armv7e-m/fpu/crti.o
                0x080007ac                _fini
 .fini          0x080007b0        0x8 c:/users/brian/eclipse/plugins/fr.ac6.mcu.externaltools.arm-none.win32_1.13.3.201707031232/tools/compiler/bin/../lib/gcc/arm-none-eabi/5.4.1/armv7e-m/fpu/crtn.o
                0x080007b8                . = ALIGN (0x4)
                0x080007b8                _etext = .

.vfp11_veneer   0x080007b8        0x0
 .vfp11_veneer  0x080007b8        0x0 linker stubs

.v4_bx          0x080007b8        0x0
 .v4_bx         0x080007b8        0x0 linker stubs

.iplt           0x080007b8        0x0
 .iplt          0x080007b8        0x0 c:/users/brian/eclipse/plugins/fr.ac6.mcu.externaltools.arm-none.win32_1.13.3.201707031232/tools/compiler/bin/../lib/gcc/arm-none-eabi/5.4.1/armv7e-m/fpu/crtbegin.o

.rodata         0x080007b8        0x4
                0x080007b8                . = ALIGN (0x4)
 *(.rodata)
 *(.rodata*)
 .rodata._global_impure_ptr
                0x080007b8        0x4 c:/users/brian/eclipse/plugins/fr.ac6.mcu.externaltools.arm-none.win32_1.13.3.201707031232/tools/compiler/bin/../lib/gcc/arm-none-eabi/5.4.1/../../../../arm-none-eabi/lib/armv7e-m/fpu\libc.a(lib_a-impure.o)
                0x080007b8                _global_impure_ptr
                0x080007bc                . = ALIGN (0x4)

.rel.dyn        0x080007bc        0x0
 .rel.iplt      0x080007bc        0x0 c:/users/brian/eclipse/plugins/fr.ac6.mcu.externaltools.arm-none.win32_1.13.3.201707031232/tools/compiler/bin/../lib/gcc/arm-none-eabi/5.4.1/armv7e-m/fpu/crtbegin.o

.ARM.extab
 *(.ARM.extab* .gnu.linkonce.armextab.*)

.ARM            0x080007bc        0x0
                0x080007bc                __exidx_start = .
 *(.ARM.exidx*)
                0x080007bc                __exidx_end = .

.preinit_array  0x080007bc        0x0
                0x080007bc                PROVIDE (__preinit_array_start, .)
 *(.preinit_array*)
                0x080007bc                PROVIDE (__preinit_array_end, .)

.init_array     0x080007bc        0x8
                0x080007bc                PROVIDE (__init_array_start, .)
 *(SORT(.init_array.*))
 .init_array.00000
                0x080007bc        0x4 c:/users/brian/eclipse/plugins/fr.ac6.mcu.externaltools.arm-none.win32_1.13.3.201707031232/tools/compiler/bin/../lib/gcc/arm-none-eabi/5.4.1/../../../../arm-none-eabi/lib/armv7e-m/fpu\libc.a(lib_a-__call_atexit.o)
 *(.init_array*)
 .init_array    0x080007c0        0x4 c:/users/brian/eclipse/plugins/fr.ac6.mcu.externaltools.arm-none.win32_1.13.3.201707031232/tools/compiler/bin/../lib/gcc/arm-none-eabi/5.4.1/armv7e-m/fpu/crtbegin.o
                0x080007c4                PROVIDE (__init_array_end, .)

.fini_array     0x080007c4        0x4
                0x080007c4                PROVIDE (__fini_array_start, .)
 *(SORT(.fini_array.*))
 *(.fini_array*)
 .fini_array    0x080007c4        0x4 c:/users/brian/eclipse/plugins/fr.ac6.mcu.externaltools.arm-none.win32_1.13.3.201707031232/tools/compiler/bin/../lib/gcc/arm-none-eabi/5.4.1/armv7e-m/fpu/crtbegin.o
                0x080007c8                PROVIDE (__fini_array_end, .)
                0x080007c8                _sidata = LOADADDR (.data)

.data           0x20000000      0x428 load address 0x080007c8
                0x20000000                . = ALIGN (0x4)
                0x20000000                _sdata = .
 *(.data)
 *(.data*)
 .data.impure_data
                0x20000000      0x428 c:/users/brian/eclipse/plugins/fr.ac6.mcu.externaltools.arm-none.win32_1.13.3.201707031232/tools/compiler/bin/../lib/gcc/arm-none-eabi/5.4.1/../../../../arm-none-eabi/lib/armv7e-m/fpu\libc.a(lib_a-impure.o)
                0x20000428                . = ALIGN (0x4)
                0x20000428                _edata = .

.jcr            0x20000428        0x0 load address 0x08000bf0
 .jcr           0x20000428        0x0 c:/users/brian/eclipse/plugins/fr.ac6.mcu.externaltools.arm-none.win32_1.13.3.201707031232/tools/compiler/bin/../lib/gcc/arm-none-eabi/5.4.1/armv7e-m/fpu/crtbegin.o

.igot.plt       0x20000428        0x0 load address 0x08000bf0
 .igot.plt      0x20000428        0x0 c:/users/brian/eclipse/plugins/fr.ac6.mcu.externaltools.arm-none.win32_1.13.3.201707031232/tools/compiler/bin/../lib/gcc/arm-none-eabi/5.4.1/armv7e-m/fpu/crtbegin.o
                0x20000428                . = ALIGN (0x4)

.bss            0x20000428      0x424 load address 0x08000bf0
                0x20000428                _sbss = .
                0x20000428                __bss_start__ = _sbss
 *(.bss)
 .bss           0x20000428       0x1c c:/users/brian/eclipse/plugins/fr.ac6.mcu.externaltools.arm-none.win32_1.13.3.201707031232/tools/compiler/bin/../lib/gcc/arm-none-eabi/5.4.1/armv7e-m/fpu/crtbegin.o
 *(.bss*)
 *(COMMON)
 COMMON         0x20000444      0x408 src/HardwareSerial.o
                0x20000444                rx2Buf
                0x20000648                tx2Buf
                0x2000084c                . = ALIGN (0x4)
                0x2000084c                _ebss = .
                0x2000084c                __bss_end__ = _ebss

._user_heap_stack
                0x2000084c      0x604 load address 0x08000bf0
                0x20000850                . = ALIGN (0x8)
 *fill*         0x2000084c        0x4 
                0x20000850                PROVIDE (end, .)
                [!provide]                PROVIDE (_end, .)
                0x20000a50                . = (. + _Min_Heap_Size)
 *fill*         0x20000850      0x200 
                0x20000e50                . = (. + _Min_Stack_Size)
 *fill*         0x20000a50      0x400 
                0x20000e50                . = ALIGN (0x8)

/DISCARD/
 libc.a(*)
 libm.a(*)
 libgcc.a(*)

.ARM.attributes
                0x00000000       0x30
 *(.ARM.attributes)
 .ARM.attributes
                0x00000000       0x22 c:/users/brian/eclipse/plugins/fr.ac6.mcu.externaltools.arm-none.win32_1.13.3.201707031232/tools/compiler/bin/../lib/gcc/arm-none-eabi/5.4.1/armv7e-m/fpu/crti.o
 .ARM.attributes
                0x00000022       0x34 c:/users/brian/eclipse/plugins/fr.ac6.mcu.externaltools.arm-none.win32_1.13.3.201707031232/tools/compiler/bin/../lib/gcc/arm-none-eabi/5.4.1/armv7e-m/fpu/crtbegin.o
 .ARM.attributes
                0x00000056       0x39 StdPeriph_Driver/src/stm32f4xx_usart.o
 .ARM.attributes
                0x0000008f       0x39 src/HardwareSerial.o
 .ARM.attributes
                0x000000c8       0x39 src/RingBuffer.o
 .ARM.attributes
                0x00000101       0x39 src/main.o
 .ARM.attributes
                0x0000013a       0x39 src/system_stm32f4xx.o
 .ARM.attributes
                0x00000173       0x21 startup/startup_stm32f411xe.o
 .ARM.attributes
                0x00000194       0x34 c:/users/brian/eclipse/plugins/fr.ac6.mcu.externaltools.arm-none.win32_1.13.3.201707031232/tools/compiler/bin/../lib/gcc/arm-none-eabi/5.4.1/../../../../arm-none-eabi/lib/armv7e-m/fpu\libc.a(lib_a-impure.o)
 .ARM.attributes
                0x000001c8       0x34 c:/users/brian/eclipse/plugins/fr.ac6.mcu.externaltools.arm-none.win32_1.13.3.201707031232/tools/compiler/bin/../lib/gcc/arm-none-eabi/5.4.1/../../../../arm-none-eabi/lib/armv7e-m/fpu\libc.a(lib_a-init.o)
 .ARM.attributes
                0x000001fc       0x34 c:/users/brian/eclipse/plugins/fr.ac6.mcu.externaltools.arm-none.win32_1.13.3.201707031232/tools/compiler/bin/../lib/gcc/arm-none-eabi/5.4.1/../../../../arm-none-eabi/lib/armv7e-m/fpu\libc.a(lib_a-__call_atexit.o)
 .ARM.attributes
                0x00000230       0x34 c:/users/brian/eclipse/plugins/fr.ac6.mcu.externaltools.arm-none.win32_1.13.3.201707031232/tools/compiler/bin/../lib/gcc/arm-none-eabi/5.4.1/../../../../arm-none-eabi/lib/armv7e-m/fpu\libc.a(lib_a-atexit.o)
 .ARM.attributes
                0x00000264       0x34 c:/users/brian/eclipse/plugins/fr.ac6.mcu.externaltools.arm-none.win32_1.13.3.201707031232/tools/compiler/bin/../lib/gcc/arm-none-eabi/5.4.1/../../../../arm-none-eabi/lib/armv7e-m/fpu\libc.a(lib_a-fini.o)
 .ARM.attributes
                0x00000298       0x34 c:/users/brian/eclipse/plugins/fr.ac6.mcu.externaltools.arm-none.win32_1.13.3.201707031232/tools/compiler/bin/../lib/gcc/arm-none-eabi/5.4.1/../../../../arm-none-eabi/lib/armv7e-m/fpu\libc.a(lib_a-__atexit.o)
 .ARM.attributes
                0x000002cc       0x22 c:/users/brian/eclipse/plugins/fr.ac6.mcu.externaltools.arm-none.win32_1.13.3.201707031232/tools/compiler/bin/../lib/gcc/arm-none-eabi/5.4.1/armv7e-m/fpu/crtn.o
OUTPUT(ADC_DMA.elf elf32-littlearm)

.debug_info     0x00000000     0x1dbf
 .debug_info    0x00000000      0x9d2 StdPeriph_Driver/src/stm32f4xx_usart.o
 .debug_info    0x000009d2      0xa65 src/HardwareSerial.o
 .debug_info    0x00001437      0x20b src/RingBuffer.o
 .debug_info    0x00001642      0x14b src/main.o
 .debug_info    0x0000178d      0x5be src/system_stm32f4xx.o
 .debug_info    0x00001d4b       0x74 startup/startup_stm32f411xe.o

.debug_abbrev   0x00000000      0x682
 .debug_abbrev  0x00000000      0x15c StdPeriph_Driver/src/stm32f4xx_usart.o
 .debug_abbrev  0x0000015c      0x224 src/HardwareSerial.o
 .debug_abbrev  0x00000380      0x12b src/RingBuffer.o
 .debug_abbrev  0x000004ab       0xab src/main.o
 .debug_abbrev  0x00000556      0x11a src/system_stm32f4xx.o
 .debug_abbrev  0x00000670       0x12 startup/startup_stm32f411xe.o

.debug_aranges  0x00000000      0x220
 .debug_aranges
                0x00000000      0x100 StdPeriph_Driver/src/stm32f4xx_usart.o
 .debug_aranges
                0x00000100       0x68 src/HardwareSerial.o
 .debug_aranges
                0x00000168       0x40 src/RingBuffer.o
 .debug_aranges
                0x000001a8       0x20 src/main.o
 .debug_aranges
                0x000001c8       0x30 src/system_stm32f4xx.o
 .debug_aranges
                0x000001f8       0x28 startup/startup_stm32f411xe.o

.debug_ranges   0x00000000      0x1c8
 .debug_ranges  0x00000000       0xf0 StdPeriph_Driver/src/stm32f4xx_usart.o
 .debug_ranges  0x000000f0       0x58 src/HardwareSerial.o
 .debug_ranges  0x00000148       0x30 src/RingBuffer.o
 .debug_ranges  0x00000178       0x10 src/main.o
 .debug_ranges  0x00000188       0x20 src/system_stm32f4xx.o
 .debug_ranges  0x000001a8       0x20 startup/startup_stm32f411xe.o

.debug_macro    0x00000000      0x936
 .debug_macro   0x00000000      0x1a7 StdPeriph_Driver/src/stm32f4xx_usart.o
 .debug_macro   0x000001a7      0x21d StdPeriph_Driver/src/stm32f4xx_usart.o
 .debug_macro   0x000003c4      0x1a1 src/HardwareSerial.o
 .debug_macro   0x00000565       0x10 src/HardwareSerial.o
 .debug_macro   0x00000575       0x72 src/RingBuffer.o
 .debug_macro   0x000005e7      0x194 src/main.o
 .debug_macro   0x0000077b       0x16 src/main.o
 .debug_macro   0x00000791      0x1a5 src/system_stm32f4xx.o

.debug_line     0x00000000     0x1ec1
 .debug_line    0x00000000      0x850 StdPeriph_Driver/src/stm32f4xx_usart.o
 .debug_line    0x00000850      0x6ec src/HardwareSerial.o
 .debug_line    0x00000f3c      0x365 src/RingBuffer.o
 .debug_line    0x000012a1      0x5c7 src/main.o
 .debug_line    0x00001868      0x5da src/system_stm32f4xx.o
 .debug_line    0x00001e42       0x7f startup/startup_stm32f411xe.o

.debug_str      0x00000000    0x5351e
 .debug_str     0x00000000    0x52bc7 StdPeriph_Driver/src/stm32f4xx_usart.o
                              0x52d8c (size before relaxing)
 .debug_str     0x00052bc7      0x6c0 src/HardwareSerial.o
                              0x52f5c (size before relaxing)
 .debug_str     0x00053287       0x73 src/RingBuffer.o
                               0x34da (size before relaxing)
 .debug_str     0x000532fa       0x13 src/main.o
                              0x527c7 (size before relaxing)
 .debug_str     0x0005330d      0x211 src/system_stm32f4xx.o
                              0x529a9 (size before relaxing)

.comment        0x00000000       0x6e
 .comment       0x00000000       0x6e StdPeriph_Driver/src/stm32f4xx_usart.o
                                 0x6f (size before relaxing)
 .comment       0x0000006e       0x6f src/HardwareSerial.o
 .comment       0x0000006e       0x6f src/RingBuffer.o
 .comment       0x0000006e       0x6f src/main.o
 .comment       0x0000006e       0x6f src/system_stm32f4xx.o

.debug_frame    0x00000000      0x878
 .debug_frame   0x00000000      0x490 StdPeriph_Driver/src/stm32f4xx_usart.o
 .debug_frame   0x00000490      0x178 src/HardwareSerial.o
 .debug_frame   0x00000608       0xd0 src/RingBuffer.o
 .debug_frame   0x000006d8       0x28 src/main.o
 .debug_frame   0x00000700       0x74 src/system_stm32f4xx.o
 .debug_frame   0x00000774       0x2c c:/users/brian/eclipse/plugins/fr.ac6.mcu.externaltools.arm-none.win32_1.13.3.201707031232/tools/compiler/bin/../lib/gcc/arm-none-eabi/5.4.1/../../../../arm-none-eabi/lib/armv7e-m/fpu\libc.a(lib_a-init.o)
 .debug_frame   0x000007a0       0x50 c:/users/brian/eclipse/plugins/fr.ac6.mcu.externaltools.arm-none.win32_1.13.3.201707031232/tools/compiler/bin/../lib/gcc/arm-none-eabi/5.4.1/../../../../arm-none-eabi/lib/armv7e-m/fpu\libc.a(lib_a-__call_atexit.o)
 .debug_frame   0x000007f0       0x20 c:/users/brian/eclipse/plugins/fr.ac6.mcu.externaltools.arm-none.win32_1.13.3.201707031232/tools/compiler/bin/../lib/gcc/arm-none-eabi/5.4.1/../../../../arm-none-eabi/lib/armv7e-m/fpu\libc.a(lib_a-atexit.o)
 .debug_frame   0x00000810       0x34 c:/users/brian/eclipse/plugins/fr.ac6.mcu.externaltools.arm-none.win32_1.13.3.201707031232/tools/compiler/bin/../lib/gcc/arm-none-eabi/5.4.1/../../../../arm-none-eabi/lib/armv7e-m/fpu\libc.a(lib_a-fini.o)
 .debug_frame   0x00000844       0x34 c:/users/brian/eclipse/plugins/fr.ac6.mcu.externaltools.arm-none.win32_1.13.3.201707031232/tools/compiler/bin/../lib/gcc/arm-none-eabi/5.4.1/../../../../arm-none-eabi/lib/armv7e-m/fpu\libc.a(lib_a-__atexit.o)
